{"level":"info","message":"Server running on port 5000","timestamp":"2025-04-22T20:52:05.964Z"}
{"level":"info","message":"GET /api-docs/","timestamp":"2025-04-22T20:54:55.182Z"}
{"level":"info","message":"GET /api-docs/swagger-ui-bundle.js","timestamp":"2025-04-22T20:54:59.389Z"}
{"level":"info","message":"GET /api-docs/swagger-ui-standalone-preset.js","timestamp":"2025-04-22T20:54:59.397Z"}
{"level":"info","message":"GET /api-docs/swagger-ui.css","timestamp":"2025-04-22T20:54:59.415Z"}
{"level":"info","message":"GET /api-docs/swagger-ui-init.js","timestamp":"2025-04-22T20:54:59.422Z"}
{"level":"info","message":"GET /api/orders/summary","timestamp":"2025-04-22T20:55:02.370Z"}
{"level":"info","message":"GET /api/orders/recent","timestamp":"2025-04-22T20:55:02.432Z"}
{"level":"info","message":"GET /api/orders/recent","timestamp":"2025-04-22T20:55:04.228Z"}
{"level":"info","message":"GET /api/orders/summary","timestamp":"2025-04-22T20:55:04.697Z"}
{"level":"info","message":"GET /api-docs/","timestamp":"2025-04-22T20:55:35.780Z"}
{"level":"info","message":"GET /api-docs/swagger-ui.css","timestamp":"2025-04-22T20:55:35.825Z"}
{"level":"info","message":"GET /api-docs/swagger-ui-bundle.js","timestamp":"2025-04-22T20:55:35.831Z"}
{"level":"info","message":"GET /api-docs/swagger-ui-standalone-preset.js","timestamp":"2025-04-22T20:55:35.834Z"}
{"level":"info","message":"GET /api-docs/swagger-ui-init.js","timestamp":"2025-04-22T20:55:35.839Z"}
{"level":"info","message":"GET /api-docs/favicon-32x32.png","timestamp":"2025-04-22T20:55:36.311Z"}
{"level":"info","message":"Server running on port 5000","timestamp":"2025-04-22T21:04:10.322Z"}
{"level":"info","message":"Server running on port 5000","timestamp":"2025-04-22T21:04:33.493Z"}
{"level":"info","message":"Server running on port 5000","timestamp":"2025-04-22T21:04:35.632Z"}
{"level":"info","message":"Server running on port 5000","timestamp":"2025-04-22T21:04:55.973Z"}
{"level":"info","message":"GET /api-docs/","timestamp":"2025-04-22T21:06:08.213Z"}
{"level":"info","message":"GET /api-docs/swagger-ui.css","timestamp":"2025-04-22T21:06:08.339Z"}
{"level":"info","message":"GET /api-docs/swagger-ui-standalone-preset.js","timestamp":"2025-04-22T21:06:08.349Z"}
{"level":"info","message":"GET /api-docs/swagger-ui-bundle.js","timestamp":"2025-04-22T21:06:08.370Z"}
{"level":"info","message":"GET /api-docs/swagger-ui-init.js","timestamp":"2025-04-22T21:06:08.445Z"}
{"level":"info","message":"GET /api-docs/favicon-32x32.png","timestamp":"2025-04-22T21:06:09.232Z"}
{"level":"info","message":"GET /api/products/electronics","timestamp":"2025-04-22T21:06:19.916Z"}
{"level":"info","message":"GET /api/products/5","timestamp":"2025-04-22T21:06:50.741Z"}
{"level":"info","message":"GET /api/orders/recent","timestamp":"2025-04-22T21:07:24.977Z"}
{"level":"info","message":"GET /api/orders/summary","timestamp":"2025-04-22T21:07:24.985Z"}
{"level":"info","message":"GET /api/orders/recent","timestamp":"2025-04-22T21:07:26.726Z"}
{"level":"info","message":"GET /api/orders/summary","timestamp":"2025-04-22T21:07:27.201Z"}
{"level":"info","message":"GET /api/orders/recent","timestamp":"2025-04-22T21:07:52.644Z"}
{"level":"info","message":"GET /api/orders/summary","timestamp":"2025-04-22T21:07:52.647Z"}
{"level":"info","message":"GET /api/orders/recent","timestamp":"2025-04-22T21:08:18.573Z"}
{"level":"info","message":"GET /api/orders/summary","timestamp":"2025-04-22T21:08:18.586Z"}
{"level":"info","message":"GET /api/orders/recent","timestamp":"2025-04-22T21:08:18.814Z"}
{"level":"info","message":"GET /api/orders/summary","timestamp":"2025-04-22T21:08:19.312Z"}
{"level":"info","message":"GET /api/customers/1/recommendations","timestamp":"2025-04-22T21:08:29.073Z"}
{"level":"info","message":"GET /api/orders/recent","timestamp":"2025-04-22T21:08:32.155Z"}
{"level":"info","message":"GET /api/orders/summary","timestamp":"2025-04-22T21:08:32.163Z"}
{"level":"info","message":"GET /api/orders/recent","timestamp":"2025-04-22T21:08:32.395Z"}
{"level":"info","message":"GET /api/orders/summary","timestamp":"2025-04-22T21:08:32.885Z"}
{"level":"info","message":"GET /api/orders/recent","timestamp":"2025-04-22T21:08:59.128Z"}
{"level":"info","message":"GET /api/orders/summary","timestamp":"2025-04-22T21:08:59.140Z"}
{"level":"info","message":"GET /api/orders/recent","timestamp":"2025-04-22T21:08:59.364Z"}
{"level":"info","message":"GET /api/orders/summary","timestamp":"2025-04-22T21:08:59.841Z"}
{"level":"info","message":"GET /api/orders/recent","timestamp":"2025-04-22T21:10:18.047Z"}
{"level":"info","message":"GET /api/orders/summary","timestamp":"2025-04-22T21:10:18.051Z"}
{"level":"info","message":"GET /api/orders/recent","timestamp":"2025-04-22T21:10:18.302Z"}
{"level":"info","message":"GET /api/orders/summary","timestamp":"2025-04-22T21:10:18.765Z"}
{"level":"info","message":"GET /api/orders/recent","timestamp":"2025-04-22T21:11:21.950Z"}
{"level":"info","message":"GET /api/orders/summary","timestamp":"2025-04-22T21:11:21.954Z"}
{"level":"info","message":"GET /api/orders/recent","timestamp":"2025-04-22T21:11:22.184Z"}
{"level":"info","message":"GET /api/orders/summary","timestamp":"2025-04-22T21:11:22.679Z"}
{"level":"info","message":"GET /api/orders/recent","timestamp":"2025-04-22T21:11:35.510Z"}
{"level":"info","message":"GET /api/orders/summary","timestamp":"2025-04-22T21:11:35.516Z"}
{"level":"info","message":"GET /api/orders/recent","timestamp":"2025-04-22T21:11:35.752Z"}
{"level":"info","message":"GET /api/orders/summary","timestamp":"2025-04-22T21:11:36.218Z"}
{"level":"info","message":"GET /api/orders/recent","timestamp":"2025-04-22T21:12:36.650Z"}
{"level":"info","message":"GET /api/orders/summary","timestamp":"2025-04-22T21:12:36.654Z"}
{"level":"info","message":"GET /api/orders/recent","timestamp":"2025-04-22T21:12:36.892Z"}
{"level":"info","message":"GET /api/orders/summary","timestamp":"2025-04-22T21:12:37.348Z"}
{"level":"info","message":"GET /api/orders/recent","timestamp":"2025-04-22T21:14:21.090Z"}
{"level":"info","message":"GET /api/orders/summary","timestamp":"2025-04-22T21:14:21.095Z"}
{"level":"info","message":"GET /api/orders/recent","timestamp":"2025-04-22T21:14:21.107Z"}
{"level":"info","message":"GET /api/orders/summary","timestamp":"2025-04-22T21:14:21.110Z"}
{"level":"info","message":"GET /api/orders/recent","timestamp":"2025-04-22T21:14:32.631Z"}
{"level":"info","message":"GET /api/orders/summary","timestamp":"2025-04-22T21:14:32.638Z"}
{"level":"info","message":"GET /api/orders/recent","timestamp":"2025-04-22T21:14:32.648Z"}
{"level":"info","message":"GET /api/orders/summary","timestamp":"2025-04-22T21:14:32.657Z"}
{"level":"info","message":"GET /api/orders/56/tracking","timestamp":"2025-04-22T21:14:37.586Z"}
{"level":"info","message":"GET /api/orders/45/tracking","timestamp":"2025-04-22T21:14:43.184Z"}
{"level":"info","message":"GET /api/orders/recent","timestamp":"2025-04-22T21:15:19.347Z"}
{"level":"info","message":"GET /api/orders/summary","timestamp":"2025-04-22T21:15:28.140Z"}
{"level":"info","message":"GET /api/customers/5/orders","timestamp":"2025-04-22T21:15:42.522Z"}
{"level":"info","message":"GET /api/orders/5","timestamp":"2025-04-22T21:15:56.277Z"}
{"level":"info","message":"GET /api/customers/4/recommendations","timestamp":"2025-04-22T21:16:17.122Z"}
{"level":"info","message":"GET /api/products/electronics","timestamp":"2025-04-22T21:16:28.357Z"}
{"level":"info","message":"GET /api/products/5","timestamp":"2025-04-22T21:16:41.642Z"}
{"level":"info","message":"DELETE /api/orders/41","timestamp":"2025-04-22T21:19:38.572Z"}
{"level":"info","message":"GET /api/orders/recent","timestamp":"2025-04-22T21:21:07.586Z"}
{"level":"info","message":"GET /api/orders/summary","timestamp":"2025-04-22T21:21:07.590Z"}
{"level":"info","message":"GET /api/orders/recent","timestamp":"2025-04-22T21:21:07.841Z"}
{"level":"info","message":"GET /api/orders/summary","timestamp":"2025-04-22T21:21:08.316Z"}
{"level":"info","message":"GET /api/customers/5/recommendations","timestamp":"2025-04-22T21:21:24.030Z"}
{"level":"info","message":"GET /api/orders/recent","timestamp":"2025-04-22T21:21:36.207Z"}
{"level":"info","message":"GET /api/orders/summary","timestamp":"2025-04-22T21:21:36.210Z"}
{"level":"info","message":"GET /api/orders/recent","timestamp":"2025-04-22T21:21:36.480Z"}
{"level":"info","message":"GET /api/orders/summary","timestamp":"2025-04-22T21:21:36.981Z"}
{"level":"info","message":"GET /api/orders/6/tracking","timestamp":"2025-04-22T21:21:58.744Z"}
{"level":"info","message":"GET /api/orders/2/tracking","timestamp":"2025-04-22T21:22:03.197Z"}
{"level":"info","message":"GET /api/orders/10/tracking","timestamp":"2025-04-22T21:22:05.923Z"}
{"level":"info","message":"GET /api/orders/recent","timestamp":"2025-04-22T21:23:02.771Z"}
{"level":"info","message":"GET /api/orders/summary","timestamp":"2025-04-22T21:23:02.773Z"}
{"level":"info","message":"GET /api/orders/recent","timestamp":"2025-04-22T21:23:03.032Z"}
{"level":"info","message":"GET /api/orders/summary","timestamp":"2025-04-22T21:23:03.489Z"}
{"level":"info","message":"GET /api/orders/recent","timestamp":"2025-04-22T21:23:13.320Z"}
{"level":"info","message":"GET /api/orders/summary","timestamp":"2025-04-22T21:23:13.322Z"}
{"level":"info","message":"GET /api/orders/recent","timestamp":"2025-04-22T21:23:13.561Z"}
{"level":"info","message":"GET /api/orders/summary","timestamp":"2025-04-22T21:23:14.035Z"}
{"level":"info","message":"GET /api/orders/summary","timestamp":"2025-04-22T21:23:15.142Z"}
{"level":"info","message":"GET /api/orders/recent","timestamp":"2025-04-22T21:23:15.144Z"}
{"level":"info","message":"GET /api/orders/recent","timestamp":"2025-04-22T21:23:15.377Z"}
{"level":"info","message":"GET /api/orders/summary","timestamp":"2025-04-22T21:23:15.845Z"}
{"level":"info","message":"GET /api/orders/recent","timestamp":"2025-04-22T21:23:17.085Z"}
{"level":"info","message":"GET /api/orders/summary","timestamp":"2025-04-22T21:23:17.086Z"}
{"level":"info","message":"GET /api/orders/recent","timestamp":"2025-04-22T21:23:17.318Z"}
{"level":"info","message":"GET /api/orders/summary","timestamp":"2025-04-22T21:23:17.910Z"}
{"level":"info","message":"GET /api/orders/recent","timestamp":"2025-04-22T21:23:19.463Z"}
{"level":"info","message":"GET /api/orders/summary","timestamp":"2025-04-22T21:23:19.465Z"}
{"level":"info","message":"GET /api/orders/recent","timestamp":"2025-04-22T21:23:19.714Z"}
{"level":"info","message":"GET /api/orders/summary","timestamp":"2025-04-22T21:23:21.233Z"}
{"level":"info","message":"GET /api/orders/recent","timestamp":"2025-04-22T21:23:21.235Z"}
{"level":"info","message":"GET /api/orders/recent","timestamp":"2025-04-22T21:23:21.514Z"}
{"level":"info","message":"GET /api/orders/summary","timestamp":"2025-04-22T21:23:21.965Z"}
{"level":"info","message":"GET /api/orders/summary","timestamp":"2025-04-22T21:23:23.101Z"}
{"level":"info","message":"GET /api/orders/recent","timestamp":"2025-04-22T21:23:23.105Z"}
{"level":"info","message":"GET /api/orders/recent","timestamp":"2025-04-22T21:23:23.373Z"}
{"level":"info","message":"GET /api/orders/summary","timestamp":"2025-04-22T21:23:23.846Z"}
{"level":"info","message":"GET /api/orders/recent","timestamp":"2025-04-22T21:23:45.779Z"}
{"level":"info","message":"GET /api/orders/summary","timestamp":"2025-04-22T21:23:45.781Z"}
{"level":"info","message":"GET /api/orders/recent","timestamp":"2025-04-22T21:23:46.038Z"}
{"level":"info","message":"GET /api/orders/summary","timestamp":"2025-04-22T21:23:46.514Z"}
{"level":"info","message":"GET /api/customers/50/recommendations","timestamp":"2025-04-22T21:24:14.460Z"}
{"level":"info","message":"GET /api/orders/recent","timestamp":"2025-04-22T21:24:20.722Z"}
{"level":"info","message":"GET /api/orders/summary","timestamp":"2025-04-22T21:24:20.728Z"}
{"level":"info","message":"GET /api/orders/recent","timestamp":"2025-04-22T21:24:20.969Z"}
{"level":"info","message":"GET /api/orders/summary","timestamp":"2025-04-22T21:24:21.444Z"}
{"level":"info","message":"Server running on port 5000","timestamp":"2025-04-22T21:41:03.177Z"}
{"level":"info","message":"GET /api/orders/recent","timestamp":"2025-04-22T21:41:44.146Z"}
{"level":"info","message":"GET /api/orders/summary","timestamp":"2025-04-22T21:41:44.191Z"}
{"level":"info","message":"GET /api/orders/recent","timestamp":"2025-04-22T21:41:46.023Z"}
{"level":"info","message":"GET /api/orders/summary","timestamp":"2025-04-22T21:41:46.479Z"}
{"level":"info","message":"GET /api/customers/10/orders","timestamp":"2025-04-22T21:42:19.639Z"}
{"level":"info","message":"GET /api/orders/recent","timestamp":"2025-04-22T21:42:27.287Z"}
{"level":"info","message":"GET /api/orders/summary","timestamp":"2025-04-22T21:42:27.290Z"}
{"level":"info","message":"OPTIONS /api/orders","timestamp":"2025-04-22T21:42:48.524Z"}
{"level":"info","message":"POST /api/orders","timestamp":"2025-04-22T21:42:48.560Z"}
{"level":"info","message":"GET /api/orders/recent","timestamp":"2025-04-22T21:42:48.866Z"}
{"level":"info","message":"GET /api/orders/summary","timestamp":"2025-04-22T21:42:48.868Z"}
{"level":"info","message":"OPTIONS /api/orders/57","timestamp":"2025-04-22T21:43:07.473Z"}
{"level":"info","message":"PUT /api/orders/57","timestamp":"2025-04-22T21:43:07.487Z"}
{"level":"info","message":"GET /api/orders/recent","timestamp":"2025-04-22T21:43:07.766Z"}
{"level":"info","message":"GET /api/orders/summary","timestamp":"2025-04-22T21:43:07.767Z"}
{"level":"info","message":"OPTIONS /api/orders/57","timestamp":"2025-04-22T21:43:13.748Z"}
{"level":"info","message":"DELETE /api/orders/57","timestamp":"2025-04-22T21:43:13.997Z"}
{"level":"info","message":"GET /api/orders/recent","timestamp":"2025-04-22T21:43:14.277Z"}
{"level":"info","message":"GET /api/orders/summary","timestamp":"2025-04-22T21:43:14.280Z"}
{"level":"info","message":"GET /api/customers/5/recommendations","timestamp":"2025-04-22T21:43:21.988Z"}
{"level":"info","message":"GET /api-docs/","timestamp":"2025-04-22T21:44:06.941Z"}
{"level":"info","message":"GET /api-docs/swagger-ui.css","timestamp":"2025-04-22T21:44:07.278Z"}
{"level":"info","message":"GET /api-docs/swagger-ui-standalone-preset.js","timestamp":"2025-04-22T21:44:07.293Z"}
{"level":"info","message":"GET /api-docs/swagger-ui-init.js","timestamp":"2025-04-22T21:44:07.434Z"}
{"level":"info","message":"GET /api-docs/swagger-ui-bundle.js","timestamp":"2025-04-22T21:44:07.503Z"}
{"level":"info","message":"GET /api/orders/recent","timestamp":"2025-04-22T21:44:16.375Z"}
{"level":"info","message":"GET /api/orders/summary","timestamp":"2025-04-22T21:44:27.555Z"}
{"level":"info","message":"GET /api/customers/10/orders","timestamp":"2025-04-22T21:44:41.878Z"}
{"level":"info","message":"GET /api/customers/5/recommendations","timestamp":"2025-04-22T21:45:03.125Z"}
{"level":"info","message":"GET /api/products/electronics","timestamp":"2025-04-22T21:45:12.612Z"}
{"level":"info","message":"GET /api/products/5","timestamp":"2025-04-22T21:45:26.420Z"}
{"level":"info","message":"Server running on port 5000","timestamp":"2025-04-23T06:34:53.500Z"}
{"level":"info","message":"GET /api/orders/recent","timestamp":"2025-04-23T06:35:24.686Z"}
{"level":"info","message":"GET /api/orders/summary","timestamp":"2025-04-23T06:35:24.748Z"}
{"level":"info","message":"GET /api/orders/recent","timestamp":"2025-04-23T06:35:27.044Z"}
{"level":"info","message":"GET /api/orders/summary","timestamp":"2025-04-23T06:35:27.713Z"}
{"level":"info","message":"GET /api/customers/10/recommendations","timestamp":"2025-04-23T06:48:47.831Z"}
{"level":"info","message":"Server running on port 5000","timestamp":"2025-05-01T13:51:07.439Z"}
{"level":"info","message":"GET /api/orders/recent","timestamp":"2025-05-01T13:51:57.608Z"}
{"level":"info","message":"GET /api/orders/summary","timestamp":"2025-05-01T13:51:57.663Z"}
{"level":"info","message":"GET /api/orders/recent","timestamp":"2025-05-01T13:51:59.603Z"}
{"level":"info","message":"GET /api/orders/summary","timestamp":"2025-05-01T13:52:00.263Z"}
{"level":"info","message":"Server running on port 5000","timestamp":"2025-05-01T14:32:13.557Z"}
{"level":"info","message":"GET /api/orders/recent","timestamp":"2025-05-01T14:32:16.904Z"}
{"level":"info","message":"GET /api/orders/summary","timestamp":"2025-05-01T14:32:17.020Z"}
{"level":"info","message":"GET /api/orders/recent","timestamp":"2025-05-01T14:32:19.960Z"}
{"level":"info","message":"GET /api/orders/summary","timestamp":"2025-05-01T14:32:20.457Z"}
{"level":"info","message":"Server running on port 5000","timestamp":"2025-05-01T16:10:39.713Z"}
{"level":"info","message":"GET /api-docs","timestamp":"2025-05-01T16:10:45.280Z"}
{"level":"info","message":"GET /api-docs/","timestamp":"2025-05-01T16:10:45.347Z"}
{"level":"info","message":"GET /api-docs/swagger-ui.css","timestamp":"2025-05-01T16:10:46.597Z"}
{"level":"info","message":"GET /api-docs/swagger-ui-bundle.js","timestamp":"2025-05-01T16:10:46.619Z"}
{"level":"info","message":"GET /api-docs/swagger-ui-standalone-preset.js","timestamp":"2025-05-01T16:10:46.644Z"}
{"level":"info","message":"GET /api-docs/swagger-ui-init.js","timestamp":"2025-05-01T16:10:46.651Z"}
{"level":"info","message":"GET /api-docs/favicon-32x32.png","timestamp":"2025-05-01T16:10:47.805Z"}
{"level":"info","message":"GET /","timestamp":"2025-05-01T16:10:55.049Z"}
{"level":"info","message":"GET /favicon.ico","timestamp":"2025-05-01T16:10:55.209Z"}
{"level":"info","message":"Server running on port 5000","timestamp":"2025-05-01T16:13:27.700Z"}
{"level":"info","message":"GET /api-docs/","timestamp":"2025-05-01T16:13:32.947Z"}
{"level":"info","message":"GET /api-docs/swagger-ui.css","timestamp":"2025-05-01T16:13:33.138Z"}
{"level":"info","message":"GET /api-docs/swagger-ui-bundle.js","timestamp":"2025-05-01T16:13:33.147Z"}
{"level":"info","message":"GET /api-docs/swagger-ui-standalone-preset.js","timestamp":"2025-05-01T16:13:33.180Z"}
{"level":"info","message":"GET /api-docs/swagger-ui-init.js","timestamp":"2025-05-01T16:13:33.237Z"}
{"level":"info","message":"GET /","timestamp":"2025-05-01T16:13:37.089Z"}
