[2025-04-22T09:14:17.203Z] INFO: Calling OpenWeatherMap API for city: New York
[2025-04-22T09:14:17.857Z] INFO: API call success for city: New York
[2025-04-22T10:03:46.731Z] INFO: Calling OpenWeatherMap API for city: London
[2025-04-22T10:03:47.534Z] INFO: API call success for city: London
[2025-04-22T10:04:19.467Z] INFO: Calling OpenWeatherMap API for city: London
[2025-04-22T10:04:19.979Z] INFO: API call success for city: London
[2025-04-22T10:05:49.963Z] INFO: Calling OpenWeatherMap API for city: London
[2025-04-22T10:05:50.226Z] INFO: API call success for city: London
[2025-04-22T10:05:51.691Z] INFO: Calling OpenWeatherMap API for city: London
[2025-04-22T10:05:51.738Z] INFO: API call success for city: London
[2025-04-22T10:05:53.242Z] INFO: Calling OpenWeatherMap API for city: New York
[2025-04-22T10:05:53.338Z] INFO: API call success for city: New York
[2025-04-22T10:05:54.621Z] INFO: Calling OpenWeatherMap API for city: Tokyo
[2025-04-22T10:05:54.681Z] INFO: API call success for city: Tokyo
[2025-04-22T10:14:34.064Z] INFO: Calling OpenWeatherMap API for city: London
[2025-04-22T10:14:34.290Z] INFO: API call success for city: London
[2025-04-22T10:17:17.137Z] INFO: Calling OpenWeatherMap API for city: London
[2025-04-22T10:17:17.788Z] INFO: API call success for city: London
[2025-04-22T10:17:21.729Z] INFO: Calling OpenWeatherMap API for city: London
[2025-04-22T10:17:21.785Z] INFO: API call success for city: London
[2025-04-22T10:17:56.993Z] INFO: Calling OpenWeatherMap API for city: London
[2025-04-22T10:17:57.765Z] INFO: API call success for city: London
[2025-04-22T10:18:09.368Z] INFO: Calling OpenWeatherMap API for city: London
[2025-04-22T10:18:09.714Z] INFO: API call success for city: London
[2025-04-22T10:18:16.650Z] INFO: Calling OpenWeatherMap API for city: London
[2025-04-22T10:18:16.844Z] INFO: API call success for city: London
[2025-04-22T10:18:20.170Z] INFO: Calling OpenWeatherMap API for city: London
[2025-04-22T10:18:20.264Z] INFO: API call success for city: London
[2025-04-22T10:19:24.465Z] INFO: Calling OpenWeatherMap API for city: London
[2025-04-22T10:19:25.037Z] INFO: API call success for city: London
[2025-04-22T10:21:24.915Z] INFO: Calling OpenWeatherMap API for city: London
[2025-04-22T10:21:25.519Z] INFO: API call success for city: London
[2025-04-22T10:22:15.342Z] INFO: Calling OpenWeatherMap API for city: London
[2025-04-22T10:22:15.688Z] INFO: API call success for city: London
[2025-04-22T10:22:44.985Z] INFO: Calling OpenWeatherMap API for city: London
[2025-04-22T10:22:45.227Z] INFO: API call success for city: London
[2025-04-22T10:23:59.111Z] INFO: Calling OpenWeatherMap API for city: London
[2025-04-22T10:23:59.306Z] INFO: API call success for city: London
[2025-04-22T10:25:38.073Z] INFO: Calling OpenWeatherMap API for city: London
[2025-04-22T10:25:38.924Z] INFO: API call success for city: London
[2025-04-22T10:25:46.392Z] INFO: Calling OpenWeatherMap API for city: London
[2025-04-22T10:25:46.642Z] INFO: API call success for city: London
[2025-04-22T10:25:48.859Z] INFO: Calling OpenWeatherMap API for city: London
[2025-04-22T10:25:48.916Z] INFO: API call success for city: London
[2025-04-22T10:26:29.109Z] INFO: Calling OpenWeatherMap API for city: London
[2025-04-22T10:26:29.688Z] INFO: API call success for city: London
[2025-04-22T10:31:32.754Z] INFO: Calling OpenWeatherMap API for city: London
[2025-04-22T10:31:32.987Z] INFO: API call success for city: London
[2025-04-22T10:31:44.738Z] INFO: Calling OpenWeatherMap API for city: London
[2025-04-22T10:31:45.234Z] INFO: API call success for city: London
[2025-04-22T10:31:53.440Z] INFO: Calling OpenWeatherMap API for city: New York
[2025-04-22T10:31:53.619Z] INFO: API call success for city: New York
[2025-04-22T10:33:46.207Z] INFO: Calling OpenWeatherMap API for city: London
[2025-04-22T10:33:46.812Z] INFO: API call success for city: London
[2025-04-22T10:33:53.361Z] INFO: Calling OpenWeatherMap API for city: London
[2025-04-22T10:33:53.726Z] INFO: API call success for city: London
[2025-04-22T10:36:29.430Z] INFO: Calling OpenWeatherMap API for city: London
[2025-04-22T10:36:30.182Z] INFO: API call success for city: London
[2025-04-22T10:36:35.476Z] INFO: Calling OpenWeatherMap API for city: London
[2025-04-22T10:36:35.858Z] INFO: API call success for city: London
[2025-04-22T10:36:35.927Z] INFO: Calling OpenWeatherMap API for city: London
[2025-04-22T10:36:36.053Z] INFO: API call success for city: London
[2025-04-22T10:37:37.010Z] INFO: Calling OpenWeatherMap API for city: London
[2025-04-22T10:37:38.379Z] INFO: API call success for city: London
[2025-04-22T10:39:46.450Z] INFO: Calling OpenWeatherMap API for city: London
[2025-04-22T10:39:47.088Z] INFO: API call success for city: London
[2025-04-22T10:39:48.616Z] INFO: Calling OpenWeatherMap API for city: London
[2025-04-22T10:39:48.826Z] INFO: API call success for city: London
[2025-04-22T10:40:03.318Z] INFO: Calling OpenWeatherMap API for city: London
[2025-04-22T10:40:04.127Z] INFO: API call success for city: London
[2025-04-22T10:47:49.639Z] INFO: Calling OpenWeatherMap API for city: London
[2025-04-22T10:47:50.330Z] INFO: API call success for city: London
[2025-04-22T10:48:04.526Z] INFO: Calling OpenWeatherMap API for city: London
[2025-04-22T10:48:05.057Z] INFO: API call success for city: London
[2025-04-22T10:49:19.836Z] INFO: Calling OpenWeatherMap API for city: London
[2025-04-22T10:49:20.154Z] INFO: API call success for city: London
[2025-04-22T10:49:40.992Z] INFO: Calling OpenWeatherMap API for city: London
[2025-04-22T10:49:41.429Z] INFO: API call success for city: London
[2025-04-22T10:52:12.757Z] INFO: Calling OpenWeatherMap API for city: London
[2025-04-22T10:52:13.617Z] INFO: API call success for city: London
[2025-04-22T10:56:48.743Z] INFO: Calling OpenWeatherMap API for city: London
[2025-04-22T10:56:49.674Z] INFO: API call success for city: London
[2025-04-22T11:15:24.566Z] INFO: Calling OpenWeatherMap API for city: London
[2025-04-22T11:15:25.425Z] INFO: API call success for city: London
[2025-04-22T11:15:26.492Z] INFO: Calling OpenWeatherMap API for city: London
[2025-04-22T11:15:26.676Z] INFO: API call success for city: London
[2025-04-22T11:15:31.527Z] INFO: Calling OpenWeatherMap API for city: London
[2025-04-22T11:15:31.587Z] INFO: API call success for city: London
[2025-04-22T11:15:56.404Z] INFO: Calling OpenWeatherMap API for city: London
[2025-04-22T11:15:56.784Z] INFO: API call success for city: London
[2025-04-22T11:17:30.209Z] INFO: Calling OpenWeatherMap API for city: London
[2025-04-22T11:17:30.770Z] INFO: API call success for city: London
[2025-04-22T11:17:53.736Z] INFO: Calling OpenWeatherMap API for city: London
[2025-04-22T11:17:54.529Z] INFO: API call success for city: London
[2025-04-22T11:18:41.385Z] INFO: Calling OpenWeatherMap API for city: New York
[2025-04-22T11:18:42.054Z] INFO: API call success for city: New York
[2025-04-22T11:18:48.824Z] INFO: Calling OpenWeatherMap API for city: Sydney
[2025-04-22T11:18:49.009Z] INFO: API call success for city: Sydney
[2025-04-22T11:19:34.422Z] INFO: Calling OpenWeatherMap API for city: London
[2025-04-22T11:19:35.112Z] INFO: API call success for city: London
[2025-04-22T11:25:27.128Z] INFO: Calling OpenWeatherMap API for city: London
[2025-04-22T11:25:28.046Z] INFO: API call success for city: London
[2025-04-22T11:25:45.779Z] INFO: Calling OpenWeatherMap API for city: London
[2025-04-22T11:25:46.276Z] INFO: API call success for city: London
[2025-04-22T11:25:57.606Z] INFO: Calling OpenWeatherMap API for city: London
[2025-04-22T11:25:57.812Z] INFO: API call success for city: London
[2025-04-22T11:26:00.651Z] INFO: Calling OpenWeatherMap API for city: London
[2025-04-22T11:26:00.699Z] INFO: API call success for city: London
[2025-04-22T11:26:54.386Z] INFO: Calling OpenWeatherMap API for city: London
[2025-04-22T11:26:55.073Z] INFO: API call success for city: London
[2025-04-22T11:26:57.854Z] INFO: Calling OpenWeatherMap API for city: London
[2025-04-22T11:26:58.264Z] INFO: API call success for city: London
[2025-04-22T11:26:58.641Z] INFO: Calling OpenWeatherMap API for city: London
[2025-04-22T11:26:58.694Z] INFO: API call success for city: London
[2025-04-22T11:27:04.808Z] INFO: Calling OpenWeatherMap API for city: London
[2025-04-22T11:27:05.075Z] INFO: API call success for city: London
[2025-04-22T11:45:09.487Z] INFO: Calling OpenWeatherMap API for city: London
[2025-04-22T11:45:12.177Z] INFO: API call success for city: London
[2025-04-22T11:46:31.639Z] INFO: Calling OpenWeatherMap API for city: London
[2025-04-22T11:46:35.798Z] INFO: API call success for city: London
